D:\_OldPc\jalom\RiderProjects\PasaporteFiller\PasaporteFiller.csproj : warning NU1903: Package 'SixLabors.ImageSharp' 3.1.4 has a known high severity vulnerability, https://github.com/advisories/GHSA-2cmq-823j-5qj8
D:\_OldPc\jalom\RiderProjects\PasaporteFiller\PasaporteFiller.csproj : warning NU1903: Package 'SixLabors.ImageSharp' 3.1.4 has a known high severity vulnerability, https://github.com/advisories/GHSA-63p8-c4ww-9cg7
D:\_OldPc\jalom\RiderProjects\PasaporteFiller\PasaporteFiller.csproj : warning NU1902: Package 'SixLabors.ImageSharp' 3.1.4 has a known moderate severity vulnerability, https://github.com/advisories/GHSA-qxrv-gp6x-rc23
D:\_OldPc\jalom\RiderProjects\PasaporteFiller\PasaporteFiller.csproj : warning NU1902: Package 'SixLabors.ImageSharp' 3.1.4 has a known moderate severity vulnerability, https://github.com/advisories/GHSA-rxmq-m78w-7wmc
D:\_OldPc\jalom\RiderProjects\PasaporteFiller\PasaporteFiller.csproj : warning NU1701: Package 'MouseKeyHook 5.7.1' was restored using '.NETFramework,Version=v4.6.1, .NETFramework,Version=v4.6.2, .NETFramework,Version=v4.7, .NETFramework,Version=v4.7.1, .NETFramework,Version=v4.7.2, .NETFramework,Version=v4.8, .NETFramework,Version=v4.8.1' instead of the project target framework 'net8.0'. This package may not be fully compatible with your project.
D:\_OldPc\jalom\RiderProjects\PasaporteFiller\services\PokemonNameRecognizer.cs(8,31): warning CS8600: Se va a convertir un literal nulo o un posible valor nulo en un tipo que no acepta valores NULL [D:\_OldPc\jalom\RiderProjects\PasaporteFiller\PasaporteFiller.csproj]
D:\_OldPc\jalom\RiderProjects\PasaporteFiller\services\ConfigService.cs(119,37): warning CS8602: Desreferencia de una referencia posiblemente NULL. [D:\_OldPc\jalom\RiderProjects\PasaporteFiller\PasaporteFiller.csproj]
D:\_OldPc\jalom\RiderProjects\PasaporteFiller\services\ConfigService.cs(122,34): warning CS8602: Desreferencia de una referencia posiblemente NULL. [D:\_OldPc\jalom\RiderProjects\PasaporteFiller\PasaporteFiller.csproj]
D:\_OldPc\jalom\RiderProjects\PasaporteFiller\RenderPasaporte.cs(567,28): warning CS8601: Posible asignaci├│n de referencia nula. [D:\_OldPc\jalom\RiderProjects\PasaporteFiller\PasaporteFiller.csproj]
D:\_OldPc\jalom\RiderProjects\PasaporteFiller\RenderPasaporte.cs(575,29): warning CS8602: Desreferencia de una referencia posiblemente NULL. [D:\_OldPc\jalom\RiderProjects\PasaporteFiller\PasaporteFiller.csproj]
D:\_OldPc\jalom\RiderProjects\PasaporteFiller\RenderPasaporte.cs(1332,61): error CS0103: El nombre '_editedIsShiny' no existe en el contexto actual [D:\_OldPc\jalom\RiderProjects\PasaporteFiller\PasaporteFiller.csproj]
D:\_OldPc\jalom\RiderProjects\PasaporteFiller\RenderPasaporte.cs(1565,64): warning CS8604: Posible argumento de referencia nulo para el par├ímetro "source" en "PokemonMove? Enumerable.FirstOrDefault<PokemonMove>(IEnumerable<PokemonMove> source, Func<PokemonMove, bool> predicate)". [D:\_OldPc\jalom\RiderProjects\PasaporteFiller\PasaporteFiller.csproj]
D:\_OldPc\jalom\RiderProjects\PasaporteFiller\services\ScreenTextRecognizer.cs(40,20): warning CS0649: El campo 'ScreenTextRecognizer.RECT.Left' nunca se asigna y siempre tendr├í el valor predeterminado 0 [D:\_OldPc\jalom\RiderProjects\PasaporteFiller\PasaporteFiller.csproj]
D:\_OldPc\jalom\RiderProjects\PasaporteFiller\services\ScreenTextRecognizer.cs(42,20): warning CS0649: El campo 'ScreenTextRecognizer.RECT.Right' nunca se asigna y siempre tendr├í el valor predeterminado 0 [D:\_OldPc\jalom\RiderProjects\PasaporteFiller\PasaporteFiller.csproj]
D:\_OldPc\jalom\RiderProjects\PasaporteFiller\services\ScreenTextRecognizer.cs(41,20): warning CS0649: El campo 'ScreenTextRecognizer.RECT.Top' nunca se asigna y siempre tendr├í el valor predeterminado 0 [D:\_OldPc\jalom\RiderProjects\PasaporteFiller\PasaporteFiller.csproj]
D:\_OldPc\jalom\RiderProjects\PasaporteFiller\services\ScreenTextRecognizer.cs(43,20): warning CS0649: El campo 'ScreenTextRecognizer.RECT.Bottom' nunca se asigna y siempre tendr├í el valor predeterminado 0 [D:\_OldPc\jalom\RiderProjects\PasaporteFiller\PasaporteFiller.csproj]
D:\_OldPc\jalom\RiderProjects\PasaporteFiller\RenderPasaporte.cs(490,24): warning CS0414: El campo 'RenderPasaporte._moveSearchFilter' est├í asignado pero su valor nunca se usa [D:\_OldPc\jalom\RiderProjects\PasaporteFiller\PasaporteFiller.csproj]
D:\_OldPc\jalom\RiderProjects\PasaporteFiller\RenderPasaporte.cs(525,22): warning CS0414: El campo 'RenderPasaporte._cancelled' est├í asignado pero su valor nunca se usa [D:\_OldPc\jalom\RiderProjects\PasaporteFiller\PasaporteFiller.csproj]
D:\_OldPc\jalom\RiderProjects\PasaporteFiller\services\PokemonService.cs(16,27): warning CS0414: El campo 'PokemonService.POKEMON_IMAGE_URL' est├í asignado pero su valor nunca se usa [D:\_OldPc\jalom\RiderProjects\PasaporteFiller\PasaporteFiller.csproj]
D:\_OldPc\jalom\RiderProjects\PasaporteFiller\services\PokemonService.cs(14,27): warning CS0414: El campo 'PokemonService.POKEMON_MOVE_API_URL' est├í asignado pero su valor nunca se usa [D:\_OldPc\jalom\RiderProjects\PasaporteFiller\PasaporteFiller.csproj]
D:\_OldPc\jalom\RiderProjects\PasaporteFiller\services\ScreenTextRecognizer.cs(50,16): warning CA1416: Se puede acceder a este sitio de llamada en todas las plataformas. "Bitmap.GetHbitmap()" solo se admite en "windows" 6.1 y versiones posteriores. (https://learn.microsoft.com/dotnet/fundamentals/code-analysis/quality-rules/ca1416) [D:\_OldPc\jalom\RiderProjects\PasaporteFiller\PasaporteFiller.csproj]
D:\_OldPc\jalom\RiderProjects\PasaporteFiller\services\ScreenCapture.cs(43,114): warning CA1416: Se puede acceder a este sitio de llamada en todas las plataformas. "CopyPixelOperation.CaptureBlt" solo se admite en "windows" 6.1 y versiones posteriores. (https://learn.microsoft.com/dotnet/fundamentals/code-analysis/quality-rules/ca1416) [D:\_OldPc\jalom\RiderProjects\PasaporteFiller\PasaporteFiller.csproj]
D:\_OldPc\jalom\RiderProjects\PasaporteFiller\services\ScreenCapture.cs(45,22): warning CA1416: Se puede acceder a este sitio de llamada en todas las plataformas. "Image.FromHbitmap(nint)" solo se admite en "windows" 6.1 y versiones posteriores. (https://learn.microsoft.com/dotnet/fundamentals/code-analysis/quality-rules/ca1416) [D:\_OldPc\jalom\RiderProjects\PasaporteFiller\PasaporteFiller.csproj]
D:\_OldPc\jalom\RiderProjects\PasaporteFiller\services\ScreenCapture.cs(43,82): warning CA1416: Se puede acceder a este sitio de llamada en todas las plataformas. "CopyPixelOperation.SourceCopy" solo se admite en "windows" 6.1 y versiones posteriores. (https://learn.microsoft.com/dotnet/fundamentals/code-analysis/quality-rules/ca1416) [D:\_OldPc\jalom\RiderProjects\PasaporteFiller\PasaporteFiller.csproj]
D:\_OldPc\jalom\RiderProjects\PasaporteFiller\services\ScreenTextRecognizer.cs(63,58): warning CA1416: Se puede acceder a este sitio de llamada en todas las plataformas. "PixelFormat.Format32bppRgb" solo se admite en "windows" 6.1 y versiones posteriores. (https://learn.microsoft.com/dotnet/fundamentals/code-analysis/quality-rules/ca1416) [D:\_OldPc\jalom\RiderProjects\PasaporteFiller\PasaporteFiller.csproj]
D:\_OldPc\jalom\RiderProjects\PasaporteFiller\services\ScreenTextRecognizer.cs(66,68): warning CA1416: Se puede acceder a este sitio de llamada en todas las plataformas. "CopyPixelOperation.SourceCopy" solo se admite en "windows" 6.1 y versiones posteriores. (https://learn.microsoft.com/dotnet/fundamentals/code-analysis/quality-rules/ca1416) [D:\_OldPc\jalom\RiderProjects\PasaporteFiller\PasaporteFiller.csproj]
D:\_OldPc\jalom\RiderProjects\PasaporteFiller\services\ScreenTextRecognizer.cs(66,13): warning CA1416: Se puede acceder a este sitio de llamada en todas las plataformas. "Graphics.CopyFromScreen(int, int, int, int, Size, CopyPixelOperation)" solo se admite en "windows" 6.1 y versiones posteriores. (https://learn.microsoft.com/dotnet/fundamentals/code-analysis/quality-rules/ca1416) [D:\_OldPc\jalom\RiderProjects\PasaporteFiller\PasaporteFiller.csproj]
D:\_OldPc\jalom\RiderProjects\PasaporteFiller\services\ScreenTextRecognizer.cs(64,29): warning CA1416: Se puede acceder a este sitio de llamada en todas las plataformas. "Graphics.FromImage(Image)" solo se admite en "windows" 6.1 y versiones posteriores. (https://learn.microsoft.com/dotnet/fundamentals/code-analysis/quality-rules/ca1416) [D:\_OldPc\jalom\RiderProjects\PasaporteFiller\PasaporteFiller.csproj]
D:\_OldPc\jalom\RiderProjects\PasaporteFiller\services\ScreenTextRecognizer.cs(63,22): warning CA1416: Se puede acceder a este sitio de llamada en todas las plataformas. "Bitmap" solo se admite en "windows" 6.1 y versiones posteriores. (https://learn.microsoft.com/dotnet/fundamentals/code-analysis/quality-rules/ca1416) [D:\_OldPc\jalom\RiderProjects\PasaporteFiller\PasaporteFiller.csproj]
D:\_OldPc\jalom\RiderProjects\PasaporteFiller\services\ScreenTextRecognizer.cs(100,13): warning CA1416: Se puede acceder a este sitio de llamada en todas las plataformas. "Image.Dispose()" solo se admite en "windows" 6.1 y versiones posteriores. (https://learn.microsoft.com/dotnet/fundamentals/code-analysis/quality-rules/ca1416) [D:\_OldPc\jalom\RiderProjects\PasaporteFiller\PasaporteFiller.csproj]

ERROR al compilar.

D:\_OldPc\jalom\RiderProjects\PasaporteFiller\PasaporteFiller.csproj : warning NU1903: Package 'SixLabors.ImageSharp' 3.1.4 has a known high severity vulnerability, https://github.com/advisories/GHSA-2cmq-823j-5qj8
D:\_OldPc\jalom\RiderProjects\PasaporteFiller\PasaporteFiller.csproj : warning NU1903: Package 'SixLabors.ImageSharp' 3.1.4 has a known high severity vulnerability, https://github.com/advisories/GHSA-63p8-c4ww-9cg7
D:\_OldPc\jalom\RiderProjects\PasaporteFiller\PasaporteFiller.csproj : warning NU1902: Package 'SixLabors.ImageSharp' 3.1.4 has a known moderate severity vulnerability, https://github.com/advisories/GHSA-qxrv-gp6x-rc23
D:\_OldPc\jalom\RiderProjects\PasaporteFiller\PasaporteFiller.csproj : warning NU1902: Package 'SixLabors.ImageSharp' 3.1.4 has a known moderate severity vulnerability, https://github.com/advisories/GHSA-rxmq-m78w-7wmc
D:\_OldPc\jalom\RiderProjects\PasaporteFiller\PasaporteFiller.csproj : warning NU1701: Package 'MouseKeyHook 5.7.1' was restored using '.NETFramework,Version=v4.6.1, .NETFramework,Version=v4.6.2, .NETFramework,Version=v4.7, .NETFramework,Version=v4.7.1, .NETFramework,Version=v4.7.2, .NETFramework,Version=v4.8, .NETFramework,Version=v4.8.1' instead of the project target framework 'net8.0'. This package may not be fully compatible with your project.
D:\_OldPc\jalom\RiderProjects\PasaporteFiller\services\PokemonNameRecognizer.cs(8,31): warning CS8600: Se va a convertir un literal nulo o un posible valor nulo en un tipo que no acepta valores NULL [D:\_OldPc\jalom\RiderProjects\PasaporteFiller\PasaporteFiller.csproj]
D:\_OldPc\jalom\RiderProjects\PasaporteFiller\services\ConfigService.cs(119,37): warning CS8602: Desreferencia de una referencia posiblemente NULL. [D:\_OldPc\jalom\RiderProjects\PasaporteFiller\PasaporteFiller.csproj]
D:\_OldPc\jalom\RiderProjects\PasaporteFiller\services\ConfigService.cs(122,34): warning CS8602: Desreferencia de una referencia posiblemente NULL. [D:\_OldPc\jalom\RiderProjects\PasaporteFiller\PasaporteFiller.csproj]
D:\_OldPc\jalom\RiderProjects\PasaporteFiller\RenderPasaporte.cs(567,28): warning CS8601: Posible asignaci├│n de referencia nula. [D:\_OldPc\jalom\RiderProjects\PasaporteFiller\PasaporteFiller.csproj]
D:\_OldPc\jalom\RiderProjects\PasaporteFiller\RenderPasaporte.cs(575,29): warning CS8602: Desreferencia de una referencia posiblemente NULL. [D:\_OldPc\jalom\RiderProjects\PasaporteFiller\PasaporteFiller.csproj]
D:\_OldPc\jalom\RiderProjects\PasaporteFiller\RenderPasaporte.cs(1565,64): warning CS8604: Posible argumento de referencia nulo para el par├ímetro "source" en "PokemonMove? Enumerable.FirstOrDefault<PokemonMove>(IEnumerable<PokemonMove> source, Func<PokemonMove, bool> predicate)". [D:\_OldPc\jalom\RiderProjects\PasaporteFiller\PasaporteFiller.csproj]
D:\_OldPc\jalom\RiderProjects\PasaporteFiller\services\ScreenTextRecognizer.cs(40,20): warning CS0649: El campo 'ScreenTextRecognizer.RECT.Left' nunca se asigna y siempre tendr├í el valor predeterminado 0 [D:\_OldPc\jalom\RiderProjects\PasaporteFiller\PasaporteFiller.csproj]
D:\_OldPc\jalom\RiderProjects\PasaporteFiller\services\ScreenTextRecognizer.cs(42,20): warning CS0649: El campo 'ScreenTextRecognizer.RECT.Right' nunca se asigna y siempre tendr├í el valor predeterminado 0 [D:\_OldPc\jalom\RiderProjects\PasaporteFiller\PasaporteFiller.csproj]
D:\_OldPc\jalom\RiderProjects\PasaporteFiller\services\ScreenTextRecognizer.cs(41,20): warning CS0649: El campo 'ScreenTextRecognizer.RECT.Top' nunca se asigna y siempre tendr├í el valor predeterminado 0 [D:\_OldPc\jalom\RiderProjects\PasaporteFiller\PasaporteFiller.csproj]
D:\_OldPc\jalom\RiderProjects\PasaporteFiller\services\ScreenTextRecognizer.cs(43,20): warning CS0649: El campo 'ScreenTextRecognizer.RECT.Bottom' nunca se asigna y siempre tendr├í el valor predeterminado 0 [D:\_OldPc\jalom\RiderProjects\PasaporteFiller\PasaporteFiller.csproj]
D:\_OldPc\jalom\RiderProjects\PasaporteFiller\RenderPasaporte.cs(490,24): warning CS0414: El campo 'RenderPasaporte._moveSearchFilter' est├í asignado pero su valor nunca se usa [D:\_OldPc\jalom\RiderProjects\PasaporteFiller\PasaporteFiller.csproj]
D:\_OldPc\jalom\RiderProjects\PasaporteFiller\RenderPasaporte.cs(525,22): warning CS0414: El campo 'RenderPasaporte._cancelled' est├í asignado pero su valor nunca se usa [D:\_OldPc\jalom\RiderProjects\PasaporteFiller\PasaporteFiller.csproj]
D:\_OldPc\jalom\RiderProjects\PasaporteFiller\services\PokemonService.cs(16,27): warning CS0414: El campo 'PokemonService.POKEMON_IMAGE_URL' est├í asignado pero su valor nunca se usa [D:\_OldPc\jalom\RiderProjects\PasaporteFiller\PasaporteFiller.csproj]
D:\_OldPc\jalom\RiderProjects\PasaporteFiller\services\PokemonService.cs(14,27): warning CS0414: El campo 'PokemonService.POKEMON_MOVE_API_URL' est├í asignado pero su valor nunca se usa [D:\_OldPc\jalom\RiderProjects\PasaporteFiller\PasaporteFiller.csproj]
D:\_OldPc\jalom\RiderProjects\PasaporteFiller\services\ScreenTextRecognizer.cs(50,16): warning CA1416: Se puede acceder a este sitio de llamada en todas las plataformas. "Bitmap.GetHbitmap()" solo se admite en "windows" 6.1 y versiones posteriores. (https://learn.microsoft.com/dotnet/fundamentals/code-analysis/quality-rules/ca1416) [D:\_OldPc\jalom\RiderProjects\PasaporteFiller\PasaporteFiller.csproj]
D:\_OldPc\jalom\RiderProjects\PasaporteFiller\services\ScreenCapture.cs(43,114): warning CA1416: Se puede acceder a este sitio de llamada en todas las plataformas. "CopyPixelOperation.CaptureBlt" solo se admite en "windows" 6.1 y versiones posteriores. (https://learn.microsoft.com/dotnet/fundamentals/code-analysis/quality-rules/ca1416) [D:\_OldPc\jalom\RiderProjects\PasaporteFiller\PasaporteFiller.csproj]
D:\_OldPc\jalom\RiderProjects\PasaporteFiller\services\ScreenCapture.cs(45,22): warning CA1416: Se puede acceder a este sitio de llamada en todas las plataformas. "Image.FromHbitmap(nint)" solo se admite en "windows" 6.1 y versiones posteriores. (https://learn.microsoft.com/dotnet/fundamentals/code-analysis/quality-rules/ca1416) [D:\_OldPc\jalom\RiderProjects\PasaporteFiller\PasaporteFiller.csproj]
D:\_OldPc\jalom\RiderProjects\PasaporteFiller\services\ScreenCapture.cs(43,82): warning CA1416: Se puede acceder a este sitio de llamada en todas las plataformas. "CopyPixelOperation.SourceCopy" solo se admite en "windows" 6.1 y versiones posteriores. (https://learn.microsoft.com/dotnet/fundamentals/code-analysis/quality-rules/ca1416) [D:\_OldPc\jalom\RiderProjects\PasaporteFiller\PasaporteFiller.csproj]
D:\_OldPc\jalom\RiderProjects\PasaporteFiller\services\ScreenTextRecognizer.cs(63,58): warning CA1416: Se puede acceder a este sitio de llamada en todas las plataformas. "PixelFormat.Format32bppRgb" solo se admite en "windows" 6.1 y versiones posteriores. (https://learn.microsoft.com/dotnet/fundamentals/code-analysis/quality-rules/ca1416) [D:\_OldPc\jalom\RiderProjects\PasaporteFiller\PasaporteFiller.csproj]
D:\_OldPc\jalom\RiderProjects\PasaporteFiller\services\ScreenTextRecognizer.cs(66,68): warning CA1416: Se puede acceder a este sitio de llamada en todas las plataformas. "CopyPixelOperation.SourceCopy" solo se admite en "windows" 6.1 y versiones posteriores. (https://learn.microsoft.com/dotnet/fundamentals/code-analysis/quality-rules/ca1416) [D:\_OldPc\jalom\RiderProjects\PasaporteFiller\PasaporteFiller.csproj]
D:\_OldPc\jalom\RiderProjects\PasaporteFiller\services\ScreenTextRecognizer.cs(66,13): warning CA1416: Se puede acceder a este sitio de llamada en todas las plataformas. "Graphics.CopyFromScreen(int, int, int, int, Size, CopyPixelOperation)" solo se admite en "windows" 6.1 y versiones posteriores. (https://learn.microsoft.com/dotnet/fundamentals/code-analysis/quality-rules/ca1416) [D:\_OldPc\jalom\RiderProjects\PasaporteFiller\PasaporteFiller.csproj]
D:\_OldPc\jalom\RiderProjects\PasaporteFiller\services\ScreenTextRecognizer.cs(64,29): warning CA1416: Se puede acceder a este sitio de llamada en todas las plataformas. "Graphics.FromImage(Image)" solo se admite en "windows" 6.1 y versiones posteriores. (https://learn.microsoft.com/dotnet/fundamentals/code-analysis/quality-rules/ca1416) [D:\_OldPc\jalom\RiderProjects\PasaporteFiller\PasaporteFiller.csproj]
D:\_OldPc\jalom\RiderProjects\PasaporteFiller\services\ScreenTextRecognizer.cs(63,22): warning CA1416: Se puede acceder a este sitio de llamada en todas las plataformas. "Bitmap" solo se admite en "windows" 6.1 y versiones posteriores. (https://learn.microsoft.com/dotnet/fundamentals/code-analysis/quality-rules/ca1416) [D:\_OldPc\jalom\RiderProjects\PasaporteFiller\PasaporteFiller.csproj]
D:\_OldPc\jalom\RiderProjects\PasaporteFiller\services\ScreenTextRecognizer.cs(100,13): warning CA1416: Se puede acceder a este sitio de llamada en todas las plataformas. "Image.Dispose()" solo se admite en "windows" 6.1 y versiones posteriores. (https://learn.microsoft.com/dotnet/fundamentals/code-analysis/quality-rules/ca1416) [D:\_OldPc\jalom\RiderProjects\PasaporteFiller\PasaporteFiller.csproj]
D:\_OldPc\jalom\RiderProjects\PasaporteFiller\RenderPasaporte.cs(1332,61): error CS0103: El nombre '_editedIsShiny' no existe en el contexto actual [D:\_OldPc\jalom\RiderProjects\PasaporteFiller\PasaporteFiller.csproj]
    29 Advertencia(s)
    1 Errores

Tiempo transcurrido 00:00:00.61
